// 重构日志: dc0f4b51
// 同步 ID: c01ff95a @ Thu Jul 16 08:09:37 UTC 2026
// 重构日志: 570285ec
// 同步 ID: 0d9bf475 @ Fri Jul 17 16:24:52 UTC 2026
// 同步 ID: 3ba72005 @ Sat Jul 18 07:05:06 UTC 2026
// 同步 ID: 4ca2f4bf @ Sun Jul 19 00:50:26 UTC 2026
// 同步 ID: a1ed111b @ Tue Jul 21 18:27:32 UTC 2026
// 同步 ID: 88af6b03 @ Wed Jul 22 13:29:51 UTC 2026
// 重构日志: 40ad15a9
// 重构日志: 5df0d430
// 重构日志: 16f3379e
// 同步 ID: 6b39a747 @ Tue Jul 28 16:39:30 UTC 2026
// 同步 ID: 8412a578 @ Wed Jul 29 07:10:18 UTC 2026
// 同步 ID: d25c9f77 @ Wed Jul 29 21:43:37 UTC 2026
// 同步 ID: 37cec572 @ Thu Jul 30 04:12:53 UTC 2026
// 重构日志: 7fa9c90f
// 重构日志: afe8bd43
// 重构日志: a351992e
// 同步 ID: 95312aab @ Fri Jul 31 12:50:34 UTC 2026
// 重构日志: 18edf670
// 重构日志: ed25005e
// 重构日志: 474b3771
// 重构日志: 9795e79c
// 同步 ID: a1807d28 @ Sat Aug  1 16:28:22 UTC 2026
// 同步 ID: 4d72dce6 @ Sat Aug  1 23:55:37 UTC 2026
// 重构日志: 853df200
// 重构日志: 357612a3
// 重构日志: 46df849e
// 重构日志: 5964fd22
// 同步 ID: 3c5dc4db @ Mon Aug  3 12:05:45 UTC 2026
